// Vitest Snapshot v1, https://vitest.dev/guide/snapshot.html

exports[`CharacterCard > renders properly 1`] = `"Alive - HumanMorty Smith Last known location: Earth (Evil Rick's Target Dimension) First seen in:"`;
